// Jest Snapshot v1, https://goo.gl/fbAQLP

exports[`renders correctly 1`] = `
<View
  style={
    Object {
      "flex": 1,
      "justifyContent": "space-between",
    }
  }
>
  <RCTScrollView>
    <View>
      <View
        style={
          Object {
            "alignItems": "center",
            "flexDirection": "row",
            "justifyContent": "flex-end",
            "marginBottom": 20,
          }
        }
      >
        <TextInput
          allowFontScaling={true}
          onChangeText={[Function]}
          onSubmitEditing={[Function]}
          placeholder="Search Client"
          rejectResponderTermination={true}
          style={
            Array [
              Object {
                "backgroundColor": "white",
                "height": 40,
                "left": 0,
                "paddingLeft": 20,
                "position": "absolute",
                "right": 0,
                "top": 0,
                "zIndex": 2,
              },
              Object {
                "fontFamily": "Apercu-Medium",
              },
            ]
          }
          underlineColorAndroid="transparent"
        />
        <View
          style={
            Object {
              "marginRight": 12,
              "marginTop": 10,
              "zIndex": 999,
            }
          }
        >
          <Text
            allowFontScaling={false}
            style={
              Array [
                Object {
                  "color": "white",
                  "fontSize": 20,
                },
                Object {
                  "color": "black",
                },
                Object {
                  "fontFamily": "simple-line-icons",
                  "fontStyle": "normal",
                  "fontWeight": "normal",
                },
                Object {},
              ]
            }
          >
            ÓÇê
          </Text>
        </View>
      </View>
      <View
        style={
          Object {
            "marginVertical": 15,
          }
        }
      >
        <View
          style={
            Array [
              Object {
                "alignItems": "center",
                "backgroundColor": "#ffbcbc",
                "borderColor": "red",
                "borderWidth": 1,
                "height": 100,
                "justifyContent": "center",
                "margin": 10,
                "width": 300,
              },
              Object {
                "width": "100%",
              },
            ]
          }
        >
          <Text
            style={
              Object {
                "color": "#333333",
                "margin": 20,
              }
            }
          >
            TouchableNativeFeedback is not supported on this platform!
          </Text>
        </View>
      </View>
      <View
        style={
          Object {
            "marginVertical": 15,
          }
        }
      >
        <View
          style={
            Array [
              Object {
                "alignItems": "center",
                "backgroundColor": "#ffbcbc",
                "borderColor": "red",
                "borderWidth": 1,
                "height": 100,
                "justifyContent": "center",
                "margin": 10,
                "width": 300,
              },
              Object {
                "width": "100%",
              },
            ]
          }
        >
          <Text
            style={
              Object {
                "color": "#333333",
                "margin": 20,
              }
            }
          >
            TouchableNativeFeedback is not supported on this platform!
          </Text>
        </View>
      </View>
      <View
        style={
          Object {
            "marginVertical": 15,
          }
        }
      >
        <View
          style={
            Array [
              Object {
                "alignItems": "center",
                "backgroundColor": "#ffbcbc",
                "borderColor": "red",
                "borderWidth": 1,
                "height": 100,
                "justifyContent": "center",
                "margin": 10,
                "width": 300,
              },
              Object {
                "width": "100%",
              },
            ]
          }
        >
          <Text
            style={
              Object {
                "color": "#333333",
                "margin": 20,
              }
            }
          >
            TouchableNativeFeedback is not supported on this platform!
          </Text>
        </View>
      </View>
      <View
        style={
          Object {
            "marginVertical": 15,
          }
        }
      >
        <View
          style={
            Array [
              Object {
                "alignItems": "center",
                "backgroundColor": "#ffbcbc",
                "borderColor": "red",
                "borderWidth": 1,
                "height": 100,
                "justifyContent": "center",
                "margin": 10,
                "width": 300,
              },
              Object {
                "width": "100%",
              },
            ]
          }
        >
          <Text
            style={
              Object {
                "color": "#333333",
                "margin": 20,
              }
            }
          >
            TouchableNativeFeedback is not supported on this platform!
          </Text>
        </View>
      </View>
      <View
        style={
          Object {
            "marginVertical": 15,
          }
        }
      >
        <View
          style={
            Array [
              Object {
                "alignItems": "center",
                "backgroundColor": "#ffbcbc",
                "borderColor": "red",
                "borderWidth": 1,
                "height": 100,
                "justifyContent": "center",
                "margin": 10,
                "width": 300,
              },
              Object {
                "width": "100%",
              },
            ]
          }
        >
          <Text
            style={
              Object {
                "color": "#333333",
                "margin": 20,
              }
            }
          >
            TouchableNativeFeedback is not supported on this platform!
          </Text>
        </View>
      </View>
      <View
        style={
          Object {
            "marginVertical": 15,
          }
        }
      >
        <View
          style={
            Array [
              Object {
                "alignItems": "center",
                "backgroundColor": "#ffbcbc",
                "borderColor": "red",
                "borderWidth": 1,
                "height": 100,
                "justifyContent": "center",
                "margin": 10,
                "width": 300,
              },
              Object {
                "width": "100%",
              },
            ]
          }
        >
          <Text
            style={
              Object {
                "color": "#333333",
                "margin": 20,
              }
            }
          >
            TouchableNativeFeedback is not supported on this platform!
          </Text>
        </View>
      </View>
      <View
        style={
          Object {
            "marginVertical": 15,
          }
        }
      >
        <View
          style={
            Array [
              Object {
                "alignItems": "center",
                "backgroundColor": "#ffbcbc",
                "borderColor": "red",
                "borderWidth": 1,
                "height": 100,
                "justifyContent": "center",
                "margin": 10,
                "width": 300,
              },
              Object {
                "width": "100%",
              },
            ]
          }
        >
          <Text
            style={
              Object {
                "color": "#333333",
                "margin": 20,
              }
            }
          >
            TouchableNativeFeedback is not supported on this platform!
          </Text>
        </View>
      </View>
      <View
        style={
          Object {
            "marginVertical": 15,
          }
        }
      >
        <View
          style={
            Array [
              Object {
                "alignItems": "center",
                "backgroundColor": "#ffbcbc",
                "borderColor": "red",
                "borderWidth": 1,
                "height": 100,
                "justifyContent": "center",
                "margin": 10,
                "width": 300,
              },
              Object {
                "width": "100%",
              },
            ]
          }
        >
          <Text
            style={
              Object {
                "color": "#333333",
                "margin": 20,
              }
            }
          >
            TouchableNativeFeedback is not supported on this platform!
          </Text>
        </View>
      </View>
      <View
        style={
          Object {
            "marginVertical": 15,
          }
        }
      >
        <View
          style={
            Array [
              Object {
                "alignItems": "center",
                "backgroundColor": "#ffbcbc",
                "borderColor": "red",
                "borderWidth": 1,
                "height": 100,
                "justifyContent": "center",
                "margin": 10,
                "width": 300,
              },
              Object {
                "width": "100%",
              },
            ]
          }
        >
          <Text
            style={
              Object {
                "color": "#333333",
                "margin": 20,
              }
            }
          >
            TouchableNativeFeedback is not supported on this platform!
          </Text>
        </View>
      </View>
    </View>
  </RCTScrollView>
</View>
`;
