// Jest Snapshot v1, https://goo.gl/fbAQLP

exports[`renders correctly 1`] = `
<View>
  <View
    style={
      Object {
        "height": "100%",
        "position": "relative",
      }
    }
  >
    <View
      style={
        Object {
          "backgroundColor": "#10354b",
          "bottom": 0,
          "left": 0,
          "position": "absolute",
          "right": 0,
          "top": 0,
        }
      }
    >
      <BVLinearGradient
        angle={135}
        colors={
          Array [
            4288230089,
            4283570823,
            4279121480,
            4280039002,
          ]
        }
        endPoint={
          Object {
            "x": 1,
            "y": 1,
          }
        }
        locations={
          Array [
            0,
            0.36087942,
            0.8752376,
            1,
          ]
        }
        startPoint={
          Object {
            "x": 0,
            "y": 0,
          }
        }
        style={
          Object {
            "flex": 1,
            "height": 1334,
            "opacity": 0.32,
          }
        }
        useAngle={true}
      />
    </View>
    <View
      onLayout={[Function]}
      style={
        Object {
          "flex": 1,
        }
      }
    >
      <View
        collapsable={false}
        onGestureHandlerEvent={[Function]}
        onGestureHandlerStateChange={[Function]}
        style={
          Object {
            "backgroundColor": "#eee",
            "flex": 1,
            "flexDirection": "column-reverse",
            "overflow": "hidden",
          }
        }
      >
        <View
          style={
            Object {
              "flex": 1,
            }
          }
        >
          <View
            pointerEvents="auto"
            style={
              Object {
                "backfaceVisibility": "hidden",
                "bottom": 0,
                "left": 0,
                "opacity": 1,
                "position": "absolute",
                "right": 0,
                "top": 0,
                "transform": Array [
                  Object {
                    "translateX": 0,
                  },
                  Object {
                    "translateY": 0,
                  },
                ],
              }
            }
          >
            <View
              accessibilityElementsHidden={false}
              style={
                Object {
                  "backgroundColor": "none",
                  "flex": 1,
                }
              }
            >
              <View
                style={
                  Object {
                    "backfaceVisibility": "visible",
                    "flex": 1,
                  }
                }
              >
                <View
                  style={
                    Object {
                      "flex": 6,
                      "justifyContent": "center",
                      "marginBottom": 0,
                      "position": "relative",
                      "zIndex": 9999,
                    }
                  }
                >
                  <View
                    style={
                      Object {
                        "alignItems": "center",
                        "marginBottom": 56,
                      }
                    }
                  />
                  <View
                    style={
                      Object {
                        "alignItems": "center",
                      }
                    }
                  >
                    <Image
                      source={
                        Object {
                          "testUri": "../../../src/components/assets/images/welcomeImage.png",
                        }
                      }
                      style={
                        Object {
                          "bottom": 0,
                          "left": 0,
                          "position": "absolute",
                          "right": 0,
                          "width": "100%",
                        }
                      }
                    />
                  </View>
                </View>
                <View
                  style={
                    Object {
                      "flex": 1,
                      "justifyContent": "flex-end",
                      "paddingBottom": 50,
                      "position": "relative",
                      "zIndex": 0,
                    }
                  }
                >
                  <Image
                    source={
                      Object {
                        "testUri": "../../../src/components/assets/images/splash_background.png",
                      }
                    }
                    style={
                      Object {
                        "bottom": 0,
                        "left": 0,
                        "position": "absolute",
                        "right": 0,
                        "width": "100%",
                      }
                    }
                  />
                  <View>
                    <View
                      style={
                        Object {
                          "marginBottom": 26,
                          "paddingHorizontal": 27,
                        }
                      }
                    >
                      <View
                        style={
                          Array [
                            Object {
                              "alignItems": "center",
                              "backgroundColor": "#ffbcbc",
                              "borderColor": "red",
                              "borderWidth": 1,
                              "height": 100,
                              "justifyContent": "center",
                              "margin": 10,
                              "width": 300,
                            },
                            Object {
                              "width": "100%",
                            },
                          ]
                        }
                      >
                        <Text
                          style={
                            Object {
                              "color": "#333333",
                              "margin": 20,
                            }
                          }
                        >
                          TouchableNativeFeedback is not supported on this platform!
                        </Text>
                      </View>
                    </View>
                    <View>
                      <View
                        accessible={true}
                        focusable={true}
                        isTVSelectable={true}
                        onClick={[Function]}
                        onResponderGrant={[Function]}
                        onResponderMove={[Function]}
                        onResponderRelease={[Function]}
                        onResponderTerminate={[Function]}
                        onResponderTerminationRequest={[Function]}
                        onStartShouldSetResponder={[Function]}
                        style={
                          Object {
                            "opacity": 1,
                          }
                        }
                      >
                        <Text
                          style={
                            Object {
                              "color": "#fff",
                              "textAlign": "center",
                            }
                          }
                        >
                          Create Account
                        </Text>
                      </View>
                    </View>
                  </View>
                </View>
              </View>
            </View>
          </View>
        </View>
        <View
          onLayout={[Function]}
          pointerEvents="box-none"
          style={
            Object {
              "left": 0,
              "position": "absolute",
              "right": 0,
              "top": 0,
            }
          }
        >
          <View
            style={
              Object {
                "backgroundColor": "transparent",
                "transform": Array [
                  Object {
                    "translateX": -750,
                  },
                ],
              }
            }
          >
            <View
              onLayout={[Function]}
              pointerEvents="box-none"
              style={
                Object {
                  "backgroundColor": "transparent",
                  "borderBottomColor": "#a7a7aa",
                  "borderBottomWidth": 0.5,
                  "height": 64,
                  "marginBottom": 25,
                  "marginTop": 55,
                  "paddingBottom": 0,
                  "paddingLeft": 0,
                  "paddingRight": 0,
                  "paddingTop": 20,
                }
              }
            >
              <View
                style={
                  Object {
                    "flex": 1,
                  }
                }
              />
            </View>
          </View>
        </View>
      </View>
    </View>
  </View>
</View>
`;
