// Jest Snapshot v1, https://goo.gl/fbAQLP

exports[`<Signup /> renders correctly using (jest)renderer, (jest)expect & (jest)toMatchSnapshot 1`] = `
<View
  style={
    Array [
      Object {
        "paddingHorizontal": 27,
        "paddingVertical": 50,
      },
      Object {
        "borderTopLeftRadius": 24,
        "borderTopRightRadius": 24,
      },
      Object {
        "backgroundColor": "#171635",
      },
    ]
  }
>
  <RCTScrollView
    keyboardShouldPersistTaps="handled"
    style={
      Object {
        "height": "100%",
      }
    }
  >
    <View>
      <View
        style={
          Object {
            "height": "100%",
          }
        }
      >
        <View
          style={
            Array [
              Object {
                "display": "flex",
                "justifyContent": "flex-end",
                "marginBottom": 20,
                "minHeight": 68,
                "overflow": "hidden",
                "paddingTop": 20,
                "position": "relative",
              },
              undefined,
              Object {
                "paddingBottom": 0,
              },
            ]
          }
        >
          <Text
            style={
              Object {
                "color": "white",
                "fontFamily": "Apercu_Regular",
                "fontSize": 14,
                "left": 0,
                "lineHeight": 17,
                "opacity": 0.68,
                "position": "absolute",
                "top": 26,
              }
            }
          >
            Email Address
          </Text>
          <TextInput
            allowFontScaling={true}
            autoCapitalize="none"
            autoFocus={true}
            onBlur={[Function]}
            onChangeText={[Function]}
            onFocus={[Function]}
            onSubmitEditing={[Function]}
            placeholderTextColor="rgba(255,255,255,0.7)"
            rejectResponderTermination={true}
            returnKeyType="next"
            selectionColor="#71648E"
            style={
              Array [
                Object {
                  "borderBottomColor": "white",
                  "borderBottomWidth": 1,
                  "color": "white",
                  "fontFamily": "Apercu Medium",
                  "fontSize": 18,
                  "padding": 0,
                },
                null,
                undefined,
                Object {
                  "borderBottomColor": "white",
                  "height": 37,
                  "lineHeight": 12,
                },
                null,
              ]
            }
            underlineColorAndroid="transparent"
            value=""
          />
        </View>
        <View
          style={
            Array [
              Object {
                "display": "flex",
                "justifyContent": "flex-end",
                "marginBottom": 20,
                "minHeight": 68,
                "overflow": "hidden",
                "paddingTop": 20,
                "position": "relative",
              },
              undefined,
              Object {
                "paddingBottom": 0,
              },
            ]
          }
        >
          <Text
            style={
              Object {
                "color": "white",
                "fontFamily": "Apercu_Regular",
                "fontSize": 14,
                "left": 0,
                "lineHeight": 17,
                "opacity": 0.68,
                "position": "absolute",
                "top": 26,
              }
            }
          >
            Password
          </Text>
          <TextInput
            allowFontScaling={true}
            autoCapitalize="none"
            onBlur={[Function]}
            onChangeText={[Function]}
            onFocus={[Function]}
            onSubmitEditing={[Function]}
            placeholderTextColor="rgba(255,255,255,0.7)"
            rejectResponderTermination={true}
            returnKeyType="next"
            secureTextEntry={true}
            selectionColor="#71648E"
            style={
              Array [
                Object {
                  "borderBottomColor": "white",
                  "borderBottomWidth": 1,
                  "color": "white",
                  "fontFamily": "Apercu Medium",
                  "fontSize": 18,
                  "padding": 0,
                },
                null,
                undefined,
                Object {
                  "borderBottomColor": "white",
                  "height": 37,
                  "lineHeight": 12,
                },
                null,
              ]
            }
            underlineColorAndroid="transparent"
            value=""
          />
        </View>
        <View
          style={
            Array [
              Object {
                "display": "flex",
                "justifyContent": "flex-end",
                "marginBottom": 20,
                "minHeight": 68,
                "overflow": "hidden",
                "paddingTop": 20,
                "position": "relative",
              },
              undefined,
              Object {
                "paddingBottom": 0,
              },
            ]
          }
        >
          <Text
            style={
              Object {
                "color": "white",
                "fontFamily": "Apercu_Regular",
                "fontSize": 14,
                "left": 0,
                "lineHeight": 17,
                "opacity": 0.68,
                "position": "absolute",
                "top": 26,
              }
            }
          >
            Repeat Password
          </Text>
          <TextInput
            allowFontScaling={true}
            autoCapitalize="none"
            onBlur={[Function]}
            onChangeText={[Function]}
            onFocus={[Function]}
            onSubmitEditing={null}
            placeholderTextColor="rgba(255,255,255,0.7)"
            rejectResponderTermination={true}
            returnKeyType="done"
            secureTextEntry={true}
            selectionColor="#71648E"
            style={
              Array [
                Object {
                  "borderBottomColor": "white",
                  "borderBottomWidth": 1,
                  "color": "white",
                  "fontFamily": "Apercu Medium",
                  "fontSize": 18,
                  "padding": 0,
                },
                null,
                undefined,
                Object {
                  "borderBottomColor": "white",
                  "height": 37,
                  "lineHeight": 12,
                },
                null,
              ]
            }
            underlineColorAndroid="transparent"
            value=""
          />
        </View>
        <View
          style={
            Object {
              "height": 20,
            }
          }
        >
          <Text>
             
          </Text>
        </View>
        <View
          accessible={true}
          focusable={false}
          isTVSelectable={true}
          onClick={[Function]}
          onResponderGrant={[Function]}
          onResponderMove={[Function]}
          onResponderRelease={[Function]}
          onResponderTerminate={[Function]}
          onResponderTerminationRequest={[Function]}
          onStartShouldSetResponder={[Function]}
          style={
            Object {
              "alignItems": "center",
              "borderColor": "white",
              "borderRadius": 1000,
              "borderStyle": "dashed",
              "borderWidth": 1,
              "height": 150,
              "justifyContent": "center",
              "opacity": 1,
              "position": "relative",
              "width": 150,
            }
          }
        >
          <Text
            minimumFontScale={16}
            style={
              Array [
                Object {
                  "color": "#fff",
                  "fontFamily": "Apercu_Regular",
                  "fontSize": 16,
                },
                Object {
                  "color": "yellow",
                },
              ]
            }
          >
            Upload User Image
          </Text>
        </View>
        <View
          style={
            Object {
              "height": 60,
            }
          }
        >
          <Text>
             
          </Text>
        </View>
        <View
          style={
            Array [
              Object {
                "alignItems": "center",
                "backgroundColor": "#ffbcbc",
                "borderColor": "red",
                "borderWidth": 1,
                "height": 100,
                "justifyContent": "center",
                "margin": 10,
                "width": 300,
              },
              Object {
                "width": "100%",
              },
            ]
          }
        >
          <Text
            style={
              Object {
                "color": "#333333",
                "margin": 20,
              }
            }
          >
            TouchableNativeFeedback is not supported on this platform!
          </Text>
        </View>
      </View>
    </View>
  </RCTScrollView>
</View>
`;
